---
title: Mysql笔记
date: 2019-06-21 10:48:29
tags: Mysql,数据库
---



文章状态：更新中


## 1 前言

从使用，到原理。由浅入深，完整的mysql的教程。

第二章 简介中会简单介绍数据库类型以及Mysql。mysql中一些基本关键词，概念。为第三章铺垫点基础。

第三章 Mysql基本操作中。会通过一些基本的操作，去使用和熟悉mysql。达到能熟练使用的程度。

第四章 深入Mysql 会深入了解一些Mysql的机制，深入的一些分析。

---


## 2 简介


### 2.1	 数据库类型

先对整个数据库体系有个大概的了解。

数据库：组织，管理，存储数据的仓库。

数据库类型：

- 关系型数据库：通过二维表格的形式来组织和管理数据。 Oracle,Mysql等
- 非关系型数据库
  - kv数据库, 通过key-value来组织数据。Redis
  - 列存储数据库。 Hbase
  - 图数据库。不了解

### 2.2 Mysql简介

本文侧重mysql。前文只是大概介绍下数据库。

Mysql是一个关系型数据库。数据以表格的形式进行存储。

---


## 3 Mysql 基本操作

### 3.1 Mysql 安装

#### 3.1.1 下载Mysql

centos7中yum默认没有mysql。

需要手动去下载yum安装包，具体命令如下:

```shell
wget http://repo.mysql.com/mysql-community-release-el7-5.noarch.rpm
rpm -ivh mysql-community-release-el7-5.noarch.rpm
yum update
yum install mysql-server
```

等待安装完成后，可以通过运行 `mysqladmin —version` 验证是否安装成功

```shell
[root@zhoushunchao-vm3 ~]# mysqladmin --version
mysqladmin  Ver 8.42 Distrib 5.6.44, for Linux on x86_64
```



#### 3.1.2 启动mysql

1 首先需要指定mysql启动用户，在 `/etc/my.cnf`中加入配置 : `user=mysqld` 指定用户启动mysql

注意如果用root启动mysqld会报错：

```
[ERROR] Fatal error: Please read "Security" section of the manual to find out how to run mysqld as root!
```

2 启动Mysql, 并验证服务是否启动

```shell
[root@zhoushunchao-vm3 ~]# systemctl start mysqld
[root@zhoushunchao-vm3 ~]# systemctl status mysqld 
● mysqld.service - MySQL Community Server
   Loaded: loaded (/usr/lib/systemd/system/mysqld.service; enabled; vendor preset: disabled)
   Active: active (running) since Fri 2019-06-21 14:33:30 CST; 1min 8s ago
  Process: 31633 ExecStartPost=/usr/bin/mysql-systemd-start post (code=exited, status=0/SUCCESS)
  Process: 31569 ExecStartPre=/usr/bin/mysql-systemd-start pre (code=exited, status=0/SUCCESS)
 Main PID: 31632 (mysqld_safe)
   CGroup: /system.slice/mysqld.service
           ├─31632 /bin/sh /usr/bin/mysqld_safe --basedir=/usr
           └─31811 /usr/sbin/mysqld --basedir=/usr --datadir=/var/lib/mysql --plugin-
           ...
```



#### 3.1.3 通过mysql client登陆mysql

1 Mysql刚安装完后默认没有密码,在命令行直接执行 `mysql`

```shell
[root@zhoushunchao-vm3 ~]# mysql
Welcome to the MySQL monitor.  Commands end with ; or \g.
Your MySQL connection id is 3
Server version: 5.6.44 MySQL Community Server (GPL)

Copyright (c) 2000, 2019, Oracle and/or its affiliates. All rights reserved.

Oracle is a registered trademark of Oracle Corporation and/or its
affiliates. Other names may be trademarks of their respective
owners.

Type 'help;' or '\h' for help. Type '\c' to clear the current input statement.

mysql> 
```

如上所示表示已经成功通过server连接到了刚安装的mysql.

2 为mysql root用户创建密码

```shell
mysqladmin -u root password "new_password";
```

创建密码后需要通过密码登陆,`-u` 指定用户，`-p`指定登陆密码

`mysql -uroot -pnew_password`



至此，安装sql完成。



### 3.2 Mysql 用户管理



#### 3.2.1 用户管理元数据

首先登陆mysql, 通过 `show databases` 查看安装完之后的几个默认的库。会看到一个名为`mysql`的库。

用户的管理信息都存在 `mysql.user`这张表中，可以通过运行 `desc mysql.desc` 查看用户管理相关的字段。第四章会对mysql安装完后默认的几个库进行更深入的分析。这里不再深入。

```shell
mysql> show databases;
+--------------------+
| Database           |
+--------------------+
| information_schema |
| mysql              |
| performance_schema |
+--------------------+
```



#### 3.2.2 用户增删

**增加用户**:  `create user testuser@'%' identified by 'passwd';` 。并校验是否创建成功

```shell
mysql> create user testuser@'%' identified by 'passwd';
Query OK, 0 rows affected (0.00 sec)
mysql> select host,user,password,Select_priv from mysql.user where user='testuser';
+------+----------+-------------------------------------------+-------------+
| host | user     | password                                  | Select_priv |
+------+----------+-------------------------------------------+-------------+
| %    | testuser | *59C70DA2F3E3A5BDF46B68F5C8B8F25762BCCEF0 | N           |
+------+----------+-------------------------------------------+-------------+
1 row in set (0.00 sec)
```

**删除用户**:  `drop user testuser@'%'`

```shell
mysql> drop user testuser@'%';
Query OK, 0 rows affected (0.00 sec)

mysql> select host,user,password,Select_priv from mysql.user where user='testuser';
Empty set (0.00 sec)
```



注意，在mysql中用户是由 user和host来唯一确定。

比如 testuser@localhost 和 testuser@127.0.0.1 是两个用户.

```shell
mysql> create user testuser@localhost;
Query OK, 0 rows affected (0.01 sec)
mysql> create user testuser@127.0.0.1;
Query OK, 0 rows affected (0.00 sec)
mysql> select host,user from mysql.user where user='testuser';
+-----------+----------+
| host      | user     |
+-----------+----------+
| 127.0.0.1 | testuser |
| localhost | testuser |
+-----------+----------+
2 rows in set (0.00 sec)
```





#### 3.2.3 用户权限管理

使用上节中创建的testuser用户进行测试.

**查看用户权限**: ` show grants for testuser;`

```shell
mysql> show grants for testuser;
+---------------------------------------------------------------------------------------------------------+
| Grants for testuser@%                                                                                   |
+---------------------------------------------------------------------------------------------------------+
| GRANT USAGE ON *.* TO 'testuser'@'%' IDENTIFIED BY PASSWORD '*54721A1557C40853662F9D9962C9AA5F5DF3562A' |
+---------------------------------------------------------------------------------------------------------+
1 row in set (0.00 sec)
```

**授予用户权限**

命令：`grant [privileges code] on [db].[table] to [user]@[host] identified by "password";`

参数说明：

1. [privileges code]:

- `all privileges` 所有权限
- `select` 读取权限
- `delete` 删除权限
- `update` 更新权限
- `create` 创建权限
- `drop` 删除权限

2. [db].[table]， 表示具体授予某个库的某个表. 可用 `*`  号代表所有.
3. [user]@[host] ，user和host确定一个用户

示例：

```shell
mysql> grant all privileges on *.* to testuser@'%';
Query OK, 0 rows affected (0.00 sec)
mysql> select host,user,Select_priv,Delete_priv,Update_priv,Create_priv,Drop_priv from mysql.user where user='testuser';
+------+----------+-------------+-------------+-------------+-------------+-----------+
| host | user     | Select_priv | Delete_priv | Update_priv | Create_priv | Drop_priv |
+------+----------+-------------+-------------+-------------+-------------+-----------+
| %    | testuser | Y           | Y           | Y           | Y           | Y         |
+------+----------+-------------+-------------+-------------+-------------+-----------+
1 row in set (0.00 sec)
```



**回收用户权限**

命令：`revoke [privileges code] on [db].[table] from [user]@[host];`

示例：

```shell
mysql> revoke delete on *.* from testuser@'%';
Query OK, 0 rows affected (0.00 sec)
mysql> select host,user,Select_priv,Delete_priv,Update_priv,Create_priv,Drop_priv from mysql.user where user='testuser';
+------+----------+-------------+-------------+-------------+-------------+-----------+
| host | user     | Select_priv | Delete_priv | Update_priv | Create_priv | Drop_priv |
+------+----------+-------------+-------------+-------------+-------------+-----------+
| %    | testuser | Y           | N           | Y           | Y           | Y         |
+------+----------+-------------+-------------+-------------+-------------+-----------+
1 row in set (0.00 sec)
```



### 3.3 Mysql 数据库

**创建数据库**

命令：`create database [database_name]`

示例：

```shell
mysql> create database test_db;
Query OK, 1 row affected (0.00 sec)
mysql> show databases;
+--------------------+
| Database           |
+--------------------+
| information_schema |
...
| test_db            |
+--------------------+
```

**删除数据库**

命令：`drop database [database_name]`

**选择数据库**

命令：`use [database_name]`



### 3.4 Mysql 表

####  3.4.1 	创建表

命令：`create table [table_name]  (column_name, column_type, ...一些字段修饰符)`

示例：

```
mysql> CREATE TABLE IF NOT EXISTS `test_table` (
    ->   `id` int(11) unsigned NOT NULL AUTO_INCREMENT,
    ->   `status` tinyint(1) NOT NULL DEFAULT '0' COMMENT '0：有效，1：无效',
    ->   PRIMARY KEY (`id`)
    -> ) ENGINE=InnoDB DEFAULT CHARSET=utf8;
Query OK, 0 rows affected (0.39 sec)
mysql> desc test_table;
+--------+------------------+------+-----+---------+----------------+
| Field  | Type             | Null | Key | Default | Extra          |
+--------+------------------+------+-----+---------+----------------+
| id     | int(11) unsigned | NO   | PRI | NULL    | auto_increment |
| status | tinyint(1)       | NO   |     | 0       |                |
+--------+------------------+------+-----+---------+----------------+
```

注解:

1. `CREATE TABLE IF NOT EXISTS` 表示先进行判断，是否存在，不存在才创建
2. `NOT NULL` 字段不能为空
3. `DEFAULT` 表示默认值
4. `AUTO_INCREMENT` 表示自增
5. `COMMENT` 是字段注解
6. `PRIMARY KEY`表示id为主键
7. `ENGINE=InnoDB` 指定存储引擎使用InnoDB
8. `CHARSET=utf8` 表示使用utf8编码



**表复制**

如果想要从已有的表复制

可通过 `show create table [table_name]` 获取创建表的sql。示例：

```shell
mysql> show create table test_tbl;
+----------+--------------------------------------------------------------------------------------------------------------------------------------------------------------------------------------------------------------------------------------------------------------------------------------------------------+
| Table    | Create Table                                                                                                                                                                                                                                                                                           |
+----------+--------------------------------------------------------------------------------------------------------------------------------------------------------------------------------------------------------------------------------------------------------------------------------------------------------+
| test_tbl | CREATE TABLE `test_tbl` (
  `id` int(11) unsigned NOT NULL AUTO_INCREMENT,
  `uid` int(32) NOT NULL,
  `status` tinyint(1) NOT NULL DEFAULT '0' COMMENT '0：有效，1：无效',
  `new_name` varchar(128) DEFAULT NULL,
  PRIMARY KEY (`id`)
) ENGINE=InnoDB AUTO_INCREMENT=13 DEFAULT CHARSET=utf8        |
+----------+--------------------------------------------------------------------------------------------------------------------------------------------------------------------------------------------------------------------------------------------------------------------------------------------------------+
```

然后改成新的表名执行即可复制。

若需要复制数据，可通过 `insert into [new_tbl] select * from [old_tbl]`



~更便捷的表复制：

1. 只拷贝结构: `create table [new_table] select * from [old_table] where 1=2`
2. 拷贝结构和数据 `create table [new_table] select * from [old_table]`



#### 3.4.2 删除表

命令：`drop table [table_name]`

#### 3.4.3 Insert数据

命令：`insert into [table_name] ( field1, field2,…fieldN ) values ( value1, value2,...valueN );`

示例：

```
mysql> insert into test_table (status) values (1);
Query OK, 1 row affected (0.03 sec)
mysql> insert into test_table (status) values (0);
Query OK, 1 row affected (0.05 sec)
mysql> select * from test_table;
+----+--------+
| id | status |
+----+--------+
|  1 |      1 |
|  2 |      0 |
+----+--------+
```

#### 3.4.4 查询数据

命令：`select [field1,feild2,…] from table [table_name] where [condition] order by [column] [aes,desc] limit [N,M]`

示例：

```
mysql> select * from test_table where status=1 order by id desc limit 2,3;
+----+--------+
| id | status |
+----+--------+
|  9 |      1 |
|  8 |      1 |
|  7 |      1 |
+----+--------+
3 rows in set (0.00 sec)
```

注解：

1. `where [condition]` 后可接条件筛选
   1.  可通过 AND / OR 指定一个或多个条件。
   2. 可以使用 like 关键词进行模糊筛选。 `%` 类似于正则中的`*` 用来模糊匹配，比如 where [field] like '%aa'表示匹配所有aa结尾
2. `order by [column] [aes,desc]` 可对数据升序或者降序排序
3. `limit [N,M]`  N表示偏移量，M表示数据条数上限





#### 3.4.5 Update 数据

命令：`update [table_name] set field1=value1, field2=value2,… where [condition]`

示例：

```
mysql> update test_table set status=0 where id=9;
Query OK, 1 row affected (0.09 sec)
Rows matched: 1  Changed: 1  Warnings: 0

mysql> select * from test_table where id=9;
+----+--------+
| id | status |
+----+--------+
|  9 |      0 |
+----+--------+
1 row in set (0.00 sec)
```

注意不加where子句，会修改所有数据！谨慎使用。



#### 3.4.6 Delete 数据

命令：`delete from [table_name] where [condition]`

示例：

```
mysql> delete from test_table where id=9;
Query OK, 1 row affected (0.10 sec)

mysql> select * from test_table where id=9;
Empty set (0.00 sec)
```



#### 3.4.7 alert修改表结构

**增加列**

命令：`alert table [table_name] add column [field_name] [fieldtype] after [field_name]` 

示例：

```shell
mysql> alter table `test_db`.`test_table` add `name` varchar(32) after `status`; 
Query OK, 0 rows affected (0.64 sec)
Records: 0  Duplicates: 0  Warnings: 0
mysql> desc test_table;
+--------+------------------+------+-----+---------+----------------+
| Field  | Type             | Null | Key | Default | Extra          |
+--------+------------------+------+-----+---------+----------------+
| id     | int(11) unsigned | NO   | PRI | NULL    | auto_increment |
| status | tinyint(1)       | NO   |     | 0       |                |
| name   | varchar(32)      | YES  |     | NULL    |                |
+--------+------------------+------+-----+---------+----------------+
3 rows in set (0.00 sec)
```

**删除列**

命令：`alter table [table_name] drop [field_name]`

示例：

```shell
mysql> desc test_table;
+--------+------------------+------+-----+---------+----------------+
| Field  | Type             | Null | Key | Default | Extra          |
+--------+------------------+------+-----+---------+----------------+
| id     | int(11) unsigned | NO   | PRI | NULL    | auto_increment |
| status | tinyint(1)       | NO   |     | 0       |                |
| name   | varchar(32)      | YES  |     | NULL    |                |
+--------+------------------+------+-----+---------+----------------+
3 rows in set (0.00 sec)

mysql> alter table test_table drop `name`;
Query OK, 0 rows affected (0.68 sec)
Records: 0  Duplicates: 0  Warnings: 0

mysql> desc test_table;
+--------+------------------+------+-----+---------+----------------+
| Field  | Type             | Null | Key | Default | Extra          |
+--------+------------------+------+-----+---------+----------------+
| id     | int(11) unsigned | NO   | PRI | NULL    | auto_increment |
| status | tinyint(1)       | NO   |     | 0       |                |
+--------+------------------+------+-----+---------+----------------+
2 rows in set (0.00 sec)
```

**修改列名称及类型**

可通过modify和change子句修改

命令:

 `alter table [table_name] modify [field_name] [new type]`

`alter table [table_name] change [field_name] [new_field_name] [type]`

示例：

```shell
mysql> select * from test_table;                                                                                                                                                     +----+--------+--------+
| id | status | name   |
+----+--------+--------+
|  1 |      1 | NULL   |
...
| 12 |      1 | 测试   |
+----+--------+--------+
11 rows in set (0.00 sec)
mysql> alter table `test_table` change `name` `new_name` int;
ERROR 1366 (HY000): Incorrect integer value: '测试' for column 'new_name' at row 11
mysql> alter table `test_table` change `name` `new_name` varchar(128);
Query OK, 11 rows affected (0.89 sec)
Records: 11  Duplicates: 0  Warnings: 0
mysql> desc test_table;
+----------+------------------+------+-----+---------+----------------+
| Field    | Type             | Null | Key | Default | Extra          |
+----------+------------------+------+-----+---------+----------------+
| id       | int(11) unsigned | NO   | PRI | NULL    | auto_increment |
| status   | tinyint(1)       | NO   |     | 0       |                |
| new_name | varchar(128)     | YES  |     | NULL    |                |
+----------+------------------+------+-----+---------+----------------+
3 rows in set (0.00 sec)
```

可以看到如果需要修改的列原来有值，且修改的新类型不匹配，会报错。



**修改表名**

命令：`alter table [table_name] rename to [new_table_name]`

示例：

```
mysql> alter table test_table rename to test_tbl;
Query OK, 0 rows affected (0.12 sec)
mysql> show tables;
+-------------------+
| Tables_in_test_db |
+-------------------+
| test_tbl          |
+-------------------+
1 row in set (0.00 sec)
```

### 3.5 Mysql 索引

这里只简单介绍索引的相关操作。第四章会详细解析mysql索引

#### 3.5.1 显示索引信息

命令：`show index from [table_name]`

示例：

```shell
	
mysql> show index from test_tbl;
+----------+------------+----------+--------------+-------------+-----------+-------------+----------+--------+------+------------+---------+---------------+
| Table    | Non_unique | Key_name | Seq_in_index | Column_name | Collation | Cardinality | Sub_part | Packed | Null | Index_type | Comment | Index_comment |
+----------+------------+----------+--------------+-------------+-----------+-------------+----------+--------+------+------------+---------+---------------+
| test_tbl |          0 | PRIMARY  |            1 | id          | A         |          11 |     NULL | NULL   |      | BTREE      |         |               |
+----------+------------+----------+--------------+-------------+-----------+-------------+----------+--------+------+------------+---------+---------------+
1 row in set (0.00 sec)
```



#### 3.5.2 添加索引

命令： `alter table [table_name] add index [index_name](field_name)`

示例：

```shell
mysql> alter table test_tbl add index uid(uid);
Query OK, 0 rows affected (0.41 sec)
Records: 0  Duplicates: 0  Warnings: 0
mysql> show index from test_tbl;
+----------+------------+----------+--------------+-------------+-----------+-------------+----------+--------+------+------------+---------+---------------+
| Table    | Non_unique | Key_name | Seq_in_index | Column_name | Collation | Cardinality | Sub_part | Packed | Null | Index_type | Comment | Index_comment |
+----------+------------+----------+--------------+-------------+-----------+-------------+----------+--------+------+------------+---------+---------------+
| test_tbl |          0 | PRIMARY  |            1 | id          | A         |          11 |     NULL | NULL   |      | BTREE      |         |               |
| test_tbl |          1 | uid      |            1 | uid         | A         |           2 |     NULL | NULL   |      | BTREE      |         |               |
+----------+------------+----------+--------------+-------------+-----------+-------------+----------+--------+------+------------+---------+---------------+
2 rows in set (0.00 sec)
```



#### 3.5.3 删除索引

命令: `alter table [table_name] drop index [index_name]`

```shell

mysql> alter table test_tbl drop index uid;
Query OK, 0 rows affected (0.13 sec)
Records: 0  Duplicates: 0  Warnings: 0
mysql> show index from test_tbl;
+----------+------------+----------+--------------+-------------+-----------+-------------+----------+--------+------+------------+---------+---------------+
| Table    | Non_unique | Key_name | Seq_in_index | Column_name | Collation | Cardinality | Sub_part | Packed | Null | Index_type | Comment | Index_comment |
+----------+------------+----------+--------------+-------------+-----------+-------------+----------+--------+------+------------+---------+---------------+
| test_tbl |          0 | PRIMARY  |            1 | id          | A         |          11 |     NULL | NULL   |      | BTREE      |         |               |
+----------+------------+----------+--------------+-------------+-----------+-------------+----------+--------+------+------------+---------+---------------+
```

---


## 4 深入Mysql



### 4.1 深入Mysql索引

